// Jest Snapshot v1, https://goo.gl/fbAQLP

exports[`Snapshot Test for Artists component matches snapshot 1`] = `
<DocumentFragment>
  <div
    style="opacity: 0;"
  >
    <div
      class="Main-Container"
    >
      <div
        class="Result-Box"
      >
        <div
          class="Main-Result-Container"
        >
          <span
            class="Hover-Box"
            style="display: inline-block; transform: scale(1);"
          >
            <p />
          </span>
        </div>
      </div>
    </div>
  </div>
</DocumentFragment>
`;
