// Jest Snapshot v1, https://goo.gl/fbAQLP

exports[`Snapshot Test for BrowseByDanceability component matches snapshot 1`] = `
<DocumentFragment>
  <div
    class="Flash-Messages-Container"
  />
  <div
    style="background-color: rgb(78, 30, 255);"
  >
    <div
      class="Browse-Landing"
    >
      <span
        class="Hover-Box"
        style="display: inline-block; transform: scale(1);"
      >
        <p
          class="Browse-Categories"
        >
          Artists
        </p>
      </span>
      <span
        class="Hover-Box"
        style="display: inline-block; transform: scale(1);"
      >
        <p
          class="Browse-Categories"
        >
          Genre
        </p>
      </span>
      <span
        class="Hover-Box"
        style="display: inline-block; transform: scale(1);"
      >
        <p
          class="Browse-Categories"
        >
          Danceability
        </p>
      </span>
    </div>
  </div>
  <div
    style="background-color: rgb(78, 30, 255);"
  >
    <div
      style="opacity: 0;"
    >
      <div
        class="Browse-Danceability-v2"
      >
        <h1>
          0
        </h1>
        <div
          class="Danceability-Slider-Container-v2"
        >
          <span
            class="MuiSlider-root WithStyles(ForwardRef(Slider))-root-12 Danceability-Slider-Item-v2"
          >
            <span
              class="MuiSlider-rail WithStyles(ForwardRef(Slider))-rail-17"
            />
            <span
              class="MuiSlider-track WithStyles(ForwardRef(Slider))-track-16"
              style="left: 0%; width: 0%;"
            />
            <input
              type="hidden"
              value="0"
            />
            <span
              aria-labelledby="continuous-slider"
              aria-orientation="horizontal"
              aria-valuemax="100"
              aria-valuemin="0"
              aria-valuenow="0"
              class="MuiSlider-thumb WithStyles(ForwardRef(Slider))-thumb-13"
              data-index="0"
              role="slider"
              style="left: 0%;"
              tabindex="0"
            />
          </span>
        </div>
        <div
          class="Danceability-No-Results-Container"
        >
          <p
            class="Danceability-No-Results"
          >
            KEEP SLIDING!
          </p>
        </div>
        <div
          class="Pagination-Slider-Placeholder-v2"
        />
      </div>
    </div>
  </div>
</DocumentFragment>
`;
