// Jest Snapshot v1, https://goo.gl/fbAQLP

exports[`Snapshot Test for SearchResultList component matches snapshot 1`] = `<DocumentFragment />`;
