// Jest Snapshot v1, https://goo.gl/fbAQLP

exports[`Snapshot Test for SearchResult component matches snapshot 1`] = `<DocumentFragment />`;
