// Jest Snapshot v1, https://goo.gl/fbAQLP

exports[`Snapshot Test for Tracks component matches snapshot 1`] = `<DocumentFragment />`;
